RPN_COMM_C_interface.F90.o
RPN_COMM_WTIME.F90.o
RPN_COMM_Xpose1.F90.o
RPN_COMM_Xpose148.F90.o
RPN_COMM_Xpose2.F90.o
RPN_COMM_Xpose248.F90.o
RPN_COMM_adj_halo.F90.o
RPN_COMM_adj_halo48.F90.o
RPN_COMM_allgather.F90.o
RPN_COMM_allreduce.F90.o
RPN_COMM_alltoall.F90.o
RPN_COMM_barrier.F90.o
RPN_COMM_bcast.F90.o
RPN_COMM_bcst_world.F90.o
RPN_COMM_bcst_x.F90.o
RPN_COMM_bloc.F90.o
RPN_COMM_bloctopo.F90.o
RPN_COMM_c_io.c.o
RPN_COMM_carac.F90.o
RPN_COMM_chdir.c.o
RPN_COMM_coll.F90.o
RPN_COMM_colors.F90.o
RPN_COMM_comm.F90.o
RPN_COMM_compress.F90.o
RPN_COMM_const.F90.o
RPN_COMM_cpu_configuration.F90.o
RPN_COMM_datyp.F90.o
RPN_COMM_debug.F90.o
RPN_COMM_defo.F90.o
RPN_COMM_diag.F90.o
RPN_COMM_dist.F90.o
RPN_COMM_ezwin.F90.o
RPN_COMM_f2c.c.o
RPN_COMM_finalize.F90.o
RPN_COMM_gather.F90.o
RPN_COMM_gather_e1y3.F90.o
RPN_COMM_gatherv.F90.o
RPN_COMM_get_my_domain.F90.o
RPN_COMM_getenv.c.o
RPN_COMM_globalsum.F90.o
RPN_COMM_grank.F90.o
RPN_COMM_grid_2d.F90.o
RPN_COMM_grid_redist.F90.o
RPN_COMM_group.F90.o
RPN_COMM_halo.F90.o
RPN_COMM_haloflip.F90.o
RPN_COMM_infotyp.F90.o
RPN_COMM_init.F90.o
RPN_COMM_init_generic.F90.o
RPN_COMM_io.F90.o
RPN_COMM_io_dist_coll.F90.o
RPN_COMM_io_pe_list.F90.o
RPN_COMM_io_pes.F90.o
RPN_COMM_irecv.F90.o
RPN_COMM_is_null.F90.o
RPN_COMM_isend.F90.o
RPN_COMM_limit.F90.o
RPN_COMM_local_dist.F90.o
RPN_COMM_low2up.F90.o
RPN_COMM_manage_halo.c.o
RPN_COMM_mod.F90.o
RPN_COMM_move.F90.o
RPN_COMM_mype.F90.o
RPN_COMM_openmp.F90.o
RPN_COMM_oper.F90.o
RPN_COMM_options.F90.o
RPN_COMM_optn.F90.o
RPN_COMM_petopo.F90.o
RPN_COMM_propagate_boundary.F90.o
RPN_COMM_ptr.F90.o
RPN_COMM_qadl.F90.o
RPN_COMM_rank.F90.o
RPN_COMM_recv.F90.o
RPN_COMM_reduce.F90.o
RPN_COMM_scatterv.F90.o
RPN_COMM_send.F90.o
RPN_COMM_sendrecv.F90.o
RPN_COMM_shmget.c.o
RPN_COMM_size.F90.o
RPN_COMM_sock.c.o
RPN_COMM_split.F90.o
RPN_COMM_split_by_node.F90.o
RPN_COMM_spread.F90.o
RPN_COMM_status_size.F90.o
RPN_COMM_swapns.F90.o
RPN_COMM_topo.F90.o
RPN_COMM_topo_xy.F90.o
RPN_COMM_transpose.F90.o
RPN_COMM_transpose48.F90.o
RPN_COMM_transpose_utils.F90.o
RPN_COMM_types.F90.o
RPN_COMM_unbind_process.c.o
RPN_COMM_unit.F90.o
RPN_COMM_version.F90.o
RPN_COMM_waitall_nostat.F90.o
RPN_COMM_win_allocate_shared.F90.o
RPN_COMM_window.F90.o
RPN_COMM_wtime.c.o
RPN_COMM_xch_halo.F90.o
RPN_COMM_xch_halo_8.F90.o
RPN_COMM_xch_haloew.F90.o
RPN_COMM_xch_halon.F90.o
RPN_COMM_xch_halons.F90.o
RPN_COMM_xch_halosl.F90.o
RPN_COMM_xch_halox.F90.o
RPN_MPI_ez_transpose.F90.o
RPN_MPI_get_mpi_definitions.F90.o
RPN_MPI_mpif.F90.o
